=== branch ===
<svg xmlns="http://www.w3.org/2000/svg" width="#" height="#" viewBox="# # # #">
<rect width="#" height="#" fill="none"/>
<g class="edges">
<path d="M#,#L#,#C#,# #,# #,#C#,# #,# #,#L#,#" fill="none" stroke="#d3d3d3" stroke-width="#"/>
<polygon points="#,# #,# #,#" fill="#d3d3d3"/>
<path d="M#,#L#,#C#,# #,# #,#C#,# #,# #,#L#,#" fill="none" stroke="#d3d3d3" stroke-width="#"/>
<polygon points="#,# #,# #,#" fill="#d3d3d3"/>
<path d="M#,#L#,#C#,# #,# #,#C#,# #,# #,#L#,#" fill="none" stroke="#d3d3d3" stroke-width="#"/>
<polygon points="#,# #,# #,#" fill="#d3d3d3"/>
<path d="M#,#L#,#C#,# #,# #,#C#,# #,# #,#L#,#" fill="none" stroke="#d3d3d3" stroke-width="#"/>
<polygon points="#,# #,# #,#" fill="#d3d3d3"/>
</g>
<g class="nodes">
<rect x="#" y="#" width="#" height="#" rx="#" ry="#" fill="#1f2020" stroke="#cccccc" stroke-width="#"/>
<text x="#" y="#" text-anchor="middle" font-family="sans-serif" font-size="#" fill="#cccccc"><tspan x="#" dy="#">Start</tspan></text>
<polygon points="#,# #,# #,# #,#" fill="#1f2020" stroke="#cccccc" stroke-width="#"/>
<text x="#" y="#" text-anchor="middle" font-family="sans-serif" font-size="#" fill="#cccccc"><tspan x="#" dy="#">Ready?</tspan></text>
<rect x="#" y="#" width="#" height="#" rx="#" ry="#" fill="#1f2020" stroke="#cccccc" stroke-width="#"/>
<text x="#" y="#" text-anchor="middle" font-family="sans-serif" font-size="#" fill="#cccccc"><tspan x="#" dy="#">Ship</tspan></text>
<rect x="#" y="#" width="#" height="#" rx="#" ry="#" fill="#1f2020" stroke="#cccccc" stroke-width="#"/>
<text x="#" y="#" text-anchor="middle" font-family="sans-serif" font-size="#" fill="#cccccc"><tspan x="#" dy="#">Fix it</tspan></text>
</g>
<g class="edge-labels">
<rect x="#" y="#" width="#" height="#" fill="#333333"/>
<text x="#" y="#" text-anchor="middle" font-family="sans-serif" font-size="#" fill="#cccccc"><tspan x="#" dy="#">yes</tspan></text>
<rect x="#" y="#" width="#" height="#" fill="#333333"/>
<text x="#" y="#" text-anchor="middle" font-family="sans-serif" font-size="#" fill="#cccccc"><tspan x="#" dy="#">no</tspan></text>
</g>
</svg>

=== shapes ===
<svg xmlns="http://www.w3.org/2000/svg" width="#" height="#" viewBox="# # # #">
<rect width="#" height="#" fill="none"/>
<g class="edges">
<path d="M#,#L#,#C#,# #,# #,#C#,# #,# #,#L#,#" fill="none" stroke="#d3d3d3" stroke-width="#"/>
<polygon points="#,# #,# #,#" fill="#d3d3d3"/>
<path d="M#,#L#,#C#,# #,# #,#C#,# #,# #,#L#,#" fill="none" stroke="#d3d3d3" stroke-width="#"/>
<polygon points="#,# #,# #,#" fill="#d3d3d3"/>
<path d="M#,#L#,#C#,# #,# #,#C#,# #,# #,#L#,#" fill="none" stroke="#d3d3d3" stroke-width="#"/>
<polygon points="#,# #,# #,#" fill="#d3d3d3"/>
<path d="M#,#L#,#C#,# #,# #,#C#,# #,# #,#L#,#" fill="none" stroke="#d3d3d3" stroke-width="#"/>
<polygon points="#,# #,# #,#" fill="#d3d3d3"/>
<path d="M#,#L#,#C#,# #,# #,#C#,# #,# #,#L#,#" fill="none" stroke="#d3d3d3" stroke-width="#"/>
<polygon points="#,# #,# #,#" fill="#d3d3d3"/>
<path d="M#,#L#,#C#,# #,# #,#C#,# #,# #,#L#,#" fill="none" stroke="#d3d3d3" stroke-width="#"/>
<polygon points="#,# #,# #,#" fill="#d3d3d3"/>
<path d="M#,#L#,#C#,# #,# #,#C#,# #,# #,#L#,#" fill="none" stroke="#d3d3d3" stroke-width="#"/>
<polygon points="#,# #,# #,#" fill="#d3d3d3"/>
<path d="M#,#L#,#C#,# #,# #,#C#,# #,# #,#L#,#" fill="none" stroke="#d3d3d3" stroke-width="#"/>
<polygon points="#,# #,# #,#" fill="#d3d3d3"/>
<path d="M#,#L#,#C#,# #,# #,#C#,# #,# #,#L#,#" fill="none" stroke="#d3d3d3" stroke-width="#"/>
<polygon points="#,# #,# #,#" fill="#d3d3d3"/>
<path d="M#,#L#,#C#,# #,# #,#C#,# #,# #,#L#,#" fill="none" stroke="#d3d3d3" stroke-width="#"/>
<polygon points="#,# #,# #,#" fill="#d3d3d3"/>
<path d="M#,#L#,#C#,# #,# #,#C#,# #,# #,#L#,#" fill="none" stroke="#d3d3d3" stroke-width="#"/>
<polygon points="#,# #,# #,#" fill="#d3d3d3"/>
<path d="M#,#L#,#C#,# #,# #,#C#,# #,# #,#L#,#" fill="none" stroke="#d3d3d3" stroke-width="#"/>
<polygon points="#,# #,# #,#" fill="#d3d3d3"/>
</g>
<g class="nodes">
<rect x="#" y="#" width="#" height="#" rx="#" ry="#" fill="#1f2020" stroke="#cccccc" stroke-width="#"/>
<text x="#" y="#" text-anchor="middle" font-family="sans-serif" font-size="#" fill="#cccccc"><tspan x="#" dy="#">rect</tspan></text>
<rect x="#" y="#" width="#" height="#" rx="#" ry="#" fill="#1f2020" stroke="#cccccc" stroke-width="#"/>
<text x="#" y="#" text-anchor="middle" font-family="sans-serif" font-size="#" fill="#cccccc"><tspan x="#" dy="#">round</tspan></text>
<rect x="#" y="#" width="#" height="#" rx="#" ry="#" fill="#1f2020" stroke="#cccccc" stroke-width="#"/>
<text x="#" y="#" text-anchor="middle" font-family="sans-serif" font-size="#" fill="#cccccc"><tspan x="#" dy="#">stadium</tspan></text>
<rect x="#" y="#" width="#" height="#" fill="#1f2020" stroke="#cccccc" stroke-width="#"/>
<line x1="#" y1="#" x2="#" y2="#" stroke="#cccccc" stroke-width="#"/>
<line x1="#" y1="#" x2="#" y2="#" stroke="#cccccc" stroke-width="#"/>
<text x="#" y="#" text-anchor="middle" font-family="sans-serif" font-size="#" fill="#cccccc"><tspan x="#" dy="#">sub</tspan></text>
<path d="M#,# A#,# # # # #,# L#,# A#,# # # # #,# Z" fill="#1f2020" stroke="#cccccc" stroke-width="#"/>
<path d="M#,# A#,# # # # #,#" fill="none" stroke="#cccccc" stroke-width="#"/>
<text x="#" y="#" text-anchor="middle" font-family="sans-serif" font-size="#" fill="#cccccc"><tspan x="#" dy="#">store</tspan></text>
<circle cx="#" cy="#" r="#" fill="#1f2020" stroke="#cccccc" stroke-width="#"/>
<text x="#" y="#" text-anchor="middle" font-family="sans-serif" font-size="#" fill="#cccccc"><tspan x="#" dy="#">circle</tspan></text>
<polygon points="#,# #,# #,# #,#" fill="#1f2020" stroke="#cccccc" stroke-width="#"/>
<text x="#" y="#" text-anchor="middle" font-family="sans-serif" font-size="#" fill="#cccccc"><tspan x="#" dy="#">diamond</tspan></text>
<polygon points="#,# #,# #,# #,# #,# #,#" fill="#1f2020" stroke="#cccccc" stroke-width="#"/>
<text x="#" y="#" text-anchor="middle" font-family="sans-serif" font-size="#" fill="#cccccc"><tspan x="#" dy="#">hex</tspan></text>
<polygon points="#,# #,# #,# #,# #,#" fill="#1f2020" stroke="#cccccc" stroke-width="#"/>
<text x="#" y="#" text-anchor="middle" font-family="sans-serif" font-size="#" fill="#cccccc"><tspan x="#" dy="#">odd</tspan></text>
<polygon points="#,# #,# #,# #,#" fill="#1f2020" stroke="#cccccc" stroke-width="#"/>
<text x="#" y="#" text-anchor="middle" font-family="sans-serif" font-size="#" fill="#cccccc"><tspan x="#" dy="#">lean</tspan></text>
<polygon points="#,# #,# #,# #,#" fill="#1f2020" stroke="#cccccc" stroke-width="#"/>
<text x="#" y="#" text-anchor="middle" font-family="sans-serif" font-size="#" fill="#cccccc"><tspan x="#" dy="#">lean back</tspan></text>
<polygon points="#,# #,# #,# #,#" fill="#1f2020" stroke="#cccccc" stroke-width="#"/>
<text x="#" y="#" text-anchor="middle" font-family="sans-serif" font-size="#" fill="#cccccc"><tspan x="#" dy="#">trap</tspan></text>
<polygon points="#,# #,# #,# #,#" fill="#1f2020" stroke="#cccccc" stroke-width="#"/>
<text x="#" y="#" text-anchor="middle" font-family="sans-serif" font-size="#" fill="#cccccc"><tspan x="#" dy="#">inv trap</tspan></text>
</g>
<g class="edge-labels">
</g>
</svg>

=== strokes ===
<svg xmlns="http://www.w3.org/2000/svg" width="#" height="#" viewBox="# # # #">
<rect width="#" height="#" fill="none"/>
<g class="edges">
<path d="M#,#L#,#C#,# #,# #,#C#,# #,# #,#L#,#" fill="none" stroke="#d3d3d3" stroke-width="#"/>
<path d="M#,#L#,#C#,# #,# #,#C#,# #,# #,#L#,#" fill="none" stroke="#d3d3d3" stroke-width="#" stroke-dasharray="# #"/>
<polygon points="#,# #,# #,#" fill="#d3d3d3"/>
<path d="M#,#L#,#C#,# #,# #,#C#,# #,# #,#L#,#" fill="none" stroke="#d3d3d3" stroke-width="#"/>
<polygon points="#,# #,# #,#" fill="#d3d3d3"/>
<path d="M#,#L#,#C#,# #,# #,#C#,# #,# #,#L#,#" fill="none" stroke="#d3d3d3" stroke-width="#"/>
<circle cx="#" cy="#" r="#" fill="#d3d3d3"/>
<path d="M#,#L#,#C#,# #,# #,#C#,# #,# #,#L#,#" fill="none" stroke="#d3d3d3" stroke-width="#"/>
<path d="M#,# L#,# M#,# L#,#" stroke="#d3d3d3" stroke-width="#" fill="none"/>
<path d="M#,#L#,#C#,# #,# #,#C#,# #,# #,#C#,# #,# #,#C#,# #,# #,#C#,# #,# #,#C#,# #,# #,#C#,# #,# #,#C#,# #,# #,#C#,# #,# #,#C#,# #,# #,#L#,#" fill="none" stroke="#d3d3d3" stroke-width="#"/>
<polygon points="#,# #,# #,#" fill="#d3d3d3"/>
<polygon points="#,# #,# #,#" fill="#d3d3d3"/>
</g>
<g class="nodes">
<rect x="#" y="#" width="#" height="#" rx="#" ry="#" fill="#1f2020" stroke="#cccccc" stroke-width="#"/>
<text x="#" y="#" text-anchor="middle" font-family="sans-serif" font-size="#" fill="#cccccc"><tspan x="#" dy="#">A</tspan></text>
<rect x="#" y="#" width="#" height="#" rx="#" ry="#" fill="#1f2020" stroke="#cccccc" stroke-width="#"/>
<text x="#" y="#" text-anchor="middle" font-family="sans-serif" font-size="#" fill="#cccccc"><tspan x="#" dy="#">B</tspan></text>
<rect x="#" y="#" width="#" height="#" rx="#" ry="#" fill="#1f2020" stroke="#cccccc" stroke-width="#"/>
<text x="#" y="#" text-anchor="middle" font-family="sans-serif" font-size="#" fill="#cccccc"><tspan x="#" dy="#">C</tspan></text>
<rect x="#" y="#" width="#" height="#" rx="#" ry="#" fill="#1f2020" stroke="#cccccc" stroke-width="#"/>
<text x="#" y="#" text-anchor="middle" font-family="sans-serif" font-size="#" fill="#cccccc"><tspan x="#" dy="#">D</tspan></text>
<rect x="#" y="#" width="#" height="#" rx="#" ry="#" fill="#1f2020" stroke="#cccccc" stroke-width="#"/>
<text x="#" y="#" text-anchor="middle" font-family="sans-serif" font-size="#" fill="#cccccc"><tspan x="#" dy="#">E</tspan></text>
<rect x="#" y="#" width="#" height="#" rx="#" ry="#" fill="#1f2020" stroke="#cccccc" stroke-width="#"/>
<text x="#" y="#" text-anchor="middle" font-family="sans-serif" font-size="#" fill="#cccccc"><tspan x="#" dy="#">F</tspan></text>
</g>
<g class="edge-labels">
</g>
</svg>

=== cjk ===
<svg xmlns="http://www.w3.org/2000/svg" width="#" height="#" viewBox="# # # #">
<rect width="#" height="#" fill="none"/>
<g class="edges">
<path d="M#,#L#,#C#,# #,# #,#C#,# #,# #,#L#,#" fill="none" stroke="#d3d3d3" stroke-width="#"/>
<polygon points="#,# #,# #,#" fill="#d3d3d3"/>
<path d="M#,#L#,#C#,# #,# #,#C#,# #,# #,#L#,#" fill="none" stroke="#d3d3d3" stroke-width="#"/>
<polygon points="#,# #,# #,#" fill="#d3d3d3"/>
<path d="M#,#L#,#C#,# #,# #,#C#,# #,# #,#L#,#" fill="none" stroke="#d3d3d3" stroke-width="#"/>
<polygon points="#,# #,# #,#" fill="#d3d3d3"/>
<path d="M#,#L#,#C#,# #,# #,#C#,# #,# #,#C#,# #,# #,#C#,# #,# #,#L#,#" fill="none" stroke="#d3d3d3" stroke-width="#"/>
<polygon points="#,# #,# #,#" fill="#d3d3d3"/>
</g>
<g class="nodes">
<rect x="#" y="#" width="#" height="#" rx="#" ry="#" fill="#1f2020" stroke="#cccccc" stroke-width="#"/>
<text x="#" y="#" text-anchor="middle" font-family="sans-serif" font-size="#" fill="#cccccc"><tspan x="#" dy="#">ツリー</tspan></text>
<polygon points="#,# #,# #,# #,#" fill="#1f2020" stroke="#cccccc" stroke-width="#"/>
<text x="#" y="#" text-anchor="middle" font-family="sans-serif" font-size="#" fill="#cccccc"><tspan x="#" dy="#">種別を解決</tspan></text>
<rect x="#" y="#" width="#" height="#" rx="#" ry="#" fill="#1f2020" stroke="#cccccc" stroke-width="#"/>
<text x="#" y="#" text-anchor="middle" font-family="sans-serif" font-size="#" fill="#cccccc"><tspan x="#" dy="#">全画面プレビュー</tspan></text>
<rect x="#" y="#" width="#" height="#" rx="#" ry="#" fill="#1f2020" stroke="#cccccc" stroke-width="#"/>
<text x="#" y="#" text-anchor="middle" font-family="sans-serif" font-size="#" fill="#cccccc"><tspan x="#" dy="#">窓読み</tspan></text>
</g>
<g class="edge-labels">
<rect x="#" y="#" width="#" height="#" fill="#333333"/>
<text x="#" y="#" text-anchor="middle" font-family="sans-serif" font-size="#" fill="#cccccc"><tspan x="#" dy="#">Enter</tspan></text>
<rect x="#" y="#" width="#" height="#" fill="#333333"/>
<text x="#" y="#" text-anchor="middle" font-family="sans-serif" font-size="#" fill="#cccccc"><tspan x="#" dy="#">画像</tspan></text>
<rect x="#" y="#" width="#" height="#" fill="#333333"/>
<text x="#" y="#" text-anchor="middle" font-family="sans-serif" font-size="#" fill="#cccccc"><tspan x="#" dy="#">テキスト</tspan></text>
</g>
</svg>

=== long-edge ===
<svg xmlns="http://www.w3.org/2000/svg" width="#" height="#" viewBox="# # # #">
<rect width="#" height="#" fill="none"/>
<g class="edges">
<path d="M#,#L#,#C#,# #,# #,#C#,# #,# #,#L#,#" fill="none" stroke="#d3d3d3" stroke-width="#"/>
<polygon points="#,# #,# #,#" fill="#d3d3d3"/>
<path d="M#,#L#,#C#,# #,# #,#C#,# #,# #,#L#,#" fill="none" stroke="#d3d3d3" stroke-width="#"/>
<polygon points="#,# #,# #,#" fill="#d3d3d3"/>
<path d="M#,#L#,#C#,# #,# #,#C#,# #,# #,#L#,#" fill="none" stroke="#d3d3d3" stroke-width="#"/>
<polygon points="#,# #,# #,#" fill="#d3d3d3"/>
<path d="M#,#L#,#C#,# #,# #,#C#,# #,# #,#L#,#" fill="none" stroke="#d3d3d3" stroke-width="#"/>
<polygon points="#,# #,# #,#" fill="#d3d3d3"/>
<path d="M#,#L#,#C#,# #,# #,#C#,# #,# #,#C#,# #,# #,#C#,# #,# #,#C#,# #,# #,#C#,# #,# #,#C#,# #,# #,#C#,# #,# #,#L#,#" fill="none" stroke="#d3d3d3" stroke-width="#"/>
<polygon points="#,# #,# #,#" fill="#d3d3d3"/>
<path d="M#,#L#,#C#,# #,# #,#C#,# #,# #,#C#,# #,# #,#C#,# #,# #,#C#,# #,# #,#C#,# #,# #,#L#,#" fill="none" stroke="#d3d3d3" stroke-width="#"/>
<polygon points="#,# #,# #,#" fill="#d3d3d3"/>
<path d="M#,#L#,#C#,# #,# #,#C#,# #,# #,#C#,# #,# #,#C#,# #,# #,#L#,#" fill="none" stroke="#d3d3d3" stroke-width="#"/>
<polygon points="#,# #,# #,#" fill="#d3d3d3"/>
</g>
<g class="nodes">
<rect x="#" y="#" width="#" height="#" rx="#" ry="#" fill="#1f2020" stroke="#cccccc" stroke-width="#"/>
<text x="#" y="#" text-anchor="middle" font-family="sans-serif" font-size="#" fill="#cccccc"><tspan x="#" dy="#">A</tspan></text>
<rect x="#" y="#" width="#" height="#" rx="#" ry="#" fill="#1f2020" stroke="#cccccc" stroke-width="#"/>
<text x="#" y="#" text-anchor="middle" font-family="sans-serif" font-size="#" fill="#cccccc"><tspan x="#" dy="#">B</tspan></text>
<rect x="#" y="#" width="#" height="#" rx="#" ry="#" fill="#1f2020" stroke="#cccccc" stroke-width="#"/>
<text x="#" y="#" text-anchor="middle" font-family="sans-serif" font-size="#" fill="#cccccc"><tspan x="#" dy="#">C</tspan></text>
<rect x="#" y="#" width="#" height="#" rx="#" ry="#" fill="#1f2020" stroke="#cccccc" stroke-width="#"/>
<text x="#" y="#" text-anchor="middle" font-family="sans-serif" font-size="#" fill="#cccccc"><tspan x="#" dy="#">D</tspan></text>
<rect x="#" y="#" width="#" height="#" rx="#" ry="#" fill="#1f2020" stroke="#cccccc" stroke-width="#"/>
<text x="#" y="#" text-anchor="middle" font-family="sans-serif" font-size="#" fill="#cccccc"><tspan x="#" dy="#">E</tspan></text>
</g>
<g class="edge-labels">
</g>
</svg>

=== left-right ===
<svg xmlns="http://www.w3.org/2000/svg" width="#" height="#" viewBox="# # # #">
<rect width="#" height="#" fill="none"/>
<g class="edges">
<path d="M#,#L#,#C#,# #,# #,#C#,# #,# #,#L#,#" fill="none" stroke="#d3d3d3" stroke-width="#"/>
<polygon points="#,# #,# #,#" fill="#d3d3d3"/>
<path d="M#,#L#,#C#,# #,# #,#C#,# #,# #,#L#,#" fill="none" stroke="#d3d3d3" stroke-width="#"/>
<polygon points="#,# #,# #,#" fill="#d3d3d3"/>
<path d="M#,#L#,#C#,# #,# #,#C#,# #,# #,#C#,# #,# #,#C#,# #,# #,#L#,#" fill="none" stroke="#d3d3d3" stroke-width="#"/>
<polygon points="#,# #,# #,#" fill="#d3d3d3"/>
</g>
<g class="nodes">
<rect x="#" y="#" width="#" height="#" rx="#" ry="#" fill="#1f2020" stroke="#cccccc" stroke-width="#"/>
<text x="#" y="#" text-anchor="middle" font-family="sans-serif" font-size="#" fill="#cccccc"><tspan x="#" dy="#">Parse</tspan></text>
<rect x="#" y="#" width="#" height="#" rx="#" ry="#" fill="#1f2020" stroke="#cccccc" stroke-width="#"/>
<text x="#" y="#" text-anchor="middle" font-family="sans-serif" font-size="#" fill="#cccccc"><tspan x="#" dy="#">Layout</tspan></text>
<rect x="#" y="#" width="#" height="#" rx="#" ry="#" fill="#1f2020" stroke="#cccccc" stroke-width="#"/>
<text x="#" y="#" text-anchor="middle" font-family="sans-serif" font-size="#" fill="#cccccc"><tspan x="#" dy="#">Draw</tspan></text>
</g>
<g class="edge-labels">
<rect x="#" y="#" width="#" height="#" fill="#333333"/>
<text x="#" y="#" text-anchor="middle" font-family="sans-serif" font-size="#" fill="#cccccc"><tspan x="#" dy="#">tokens</tspan></text>
<rect x="#" y="#" width="#" height="#" fill="#333333"/>
<text x="#" y="#" text-anchor="middle" font-family="sans-serif" font-size="#" fill="#cccccc"><tspan x="#" dy="#">boxes</tspan></text>
</g>
</svg>

=== bottom-top ===
<svg xmlns="http://www.w3.org/2000/svg" width="#" height="#" viewBox="# # # #">
<rect width="#" height="#" fill="none"/>
<g class="edges">
<path d="M#,#L#,#C#,# #,# #,#C#,# #,# #,#L#,#" fill="none" stroke="#d3d3d3" stroke-width="#"/>
<polygon points="#,# #,# #,#" fill="#d3d3d3"/>
<path d="M#,#L#,#C#,# #,# #,#C#,# #,# #,#L#,#" fill="none" stroke="#d3d3d3" stroke-width="#"/>
<polygon points="#,# #,# #,#" fill="#d3d3d3"/>
<path d="M#,#L#,#C#,# #,# #,#C#,# #,# #,#L#,#" fill="none" stroke="#d3d3d3" stroke-width="#"/>
<polygon points="#,# #,# #,#" fill="#d3d3d3"/>
</g>
<g class="nodes">
<rect x="#" y="#" width="#" height="#" rx="#" ry="#" fill="#1f2020" stroke="#cccccc" stroke-width="#"/>
<text x="#" y="#" text-anchor="middle" font-family="sans-serif" font-size="#" fill="#cccccc"><tspan x="#" dy="#">leaf1</tspan></text>
<rect x="#" y="#" width="#" height="#" rx="#" ry="#" fill="#1f2020" stroke="#cccccc" stroke-width="#"/>
<text x="#" y="#" text-anchor="middle" font-family="sans-serif" font-size="#" fill="#cccccc"><tspan x="#" dy="#">mid</tspan></text>
<rect x="#" y="#" width="#" height="#" rx="#" ry="#" fill="#1f2020" stroke="#cccccc" stroke-width="#"/>
<text x="#" y="#" text-anchor="middle" font-family="sans-serif" font-size="#" fill="#cccccc"><tspan x="#" dy="#">leaf2</tspan></text>
<rect x="#" y="#" width="#" height="#" rx="#" ry="#" fill="#1f2020" stroke="#cccccc" stroke-width="#"/>
<text x="#" y="#" text-anchor="middle" font-family="sans-serif" font-size="#" fill="#cccccc"><tspan x="#" dy="#">root</tspan></text>
</g>
<g class="edge-labels">
</g>
</svg>

=== right-left ===
<svg xmlns="http://www.w3.org/2000/svg" width="#" height="#" viewBox="# # # #">
<rect width="#" height="#" fill="none"/>
<g class="edges">
<path d="M#,#L#,#C#,# #,# #,#C#,# #,# #,#L#,#" fill="none" stroke="#d3d3d3" stroke-width="#"/>
<polygon points="#,# #,# #,#" fill="#d3d3d3"/>
<path d="M#,#L#,#C#,# #,# #,#C#,# #,# #,#L#,#" fill="none" stroke="#d3d3d3" stroke-width="#"/>
<polygon points="#,# #,# #,#" fill="#d3d3d3"/>
</g>
<g class="nodes">
<rect x="#" y="#" width="#" height="#" rx="#" ry="#" fill="#1f2020" stroke="#cccccc" stroke-width="#"/>
<text x="#" y="#" text-anchor="middle" font-family="sans-serif" font-size="#" fill="#cccccc"><tspan x="#" dy="#">one</tspan></text>
<rect x="#" y="#" width="#" height="#" rx="#" ry="#" fill="#1f2020" stroke="#cccccc" stroke-width="#"/>
<text x="#" y="#" text-anchor="middle" font-family="sans-serif" font-size="#" fill="#cccccc"><tspan x="#" dy="#">two</tspan></text>
<rect x="#" y="#" width="#" height="#" rx="#" ry="#" fill="#1f2020" stroke="#cccccc" stroke-width="#"/>
<text x="#" y="#" text-anchor="middle" font-family="sans-serif" font-size="#" fill="#cccccc"><tspan x="#" dy="#">three</tspan></text>
</g>
<g class="edge-labels">
</g>
</svg>

=== multiline ===
<svg xmlns="http://www.w3.org/2000/svg" width="#" height="#" viewBox="# # # #">
<rect width="#" height="#" fill="none"/>
<g class="edges">
<path d="M#,#L#,#C#,# #,# #,#C#,# #,# #,#L#,#" fill="none" stroke="#d3d3d3" stroke-width="#"/>
<polygon points="#,# #,# #,#" fill="#d3d3d3"/>
</g>
<g class="nodes">
<rect x="#" y="#" width="#" height="#" rx="#" ry="#" fill="#1f2020" stroke="#cccccc" stroke-width="#"/>
<text x="#" y="#" text-anchor="middle" font-family="sans-serif" font-size="#" fill="#cccccc"><tspan x="#" dy="#">first line</tspan><tspan x="#" dy="#">second line</tspan><tspan x="#" dy="#">third</tspan></text>
<rect x="#" y="#" width="#" height="#" rx="#" ry="#" fill="#1f2020" stroke="#cccccc" stroke-width="#"/>
<text x="#" y="#" text-anchor="middle" font-family="sans-serif" font-size="#" fill="#cccccc"><tspan x="#" dy="#">one</tspan><tspan x="#" dy="#">two</tspan></text>
</g>
<g class="edge-labels">
</g>
</svg>

=== self-loop ===
<svg xmlns="http://www.w3.org/2000/svg" width="#" height="#" viewBox="# # # #">
<rect width="#" height="#" fill="none"/>
<g class="edges">
<path d="M#,#L#,#C#,# #,# #,#C#,# #,# #,#C#,# #,# #,#C#,# #,# #,#C#,# #,# #,#C#,# #,# #,#L#,#" fill="none" stroke="#d3d3d3" stroke-width="#"/>
<polygon points="#,# #,# #,#" fill="#d3d3d3"/>
<path d="M#,#L#,#C#,# #,# #,#C#,# #,# #,#L#,#" fill="none" stroke="#d3d3d3" stroke-width="#"/>
<polygon points="#,# #,# #,#" fill="#d3d3d3"/>
</g>
<g class="nodes">
<rect x="#" y="#" width="#" height="#" rx="#" ry="#" fill="#1f2020" stroke="#cccccc" stroke-width="#"/>
<text x="#" y="#" text-anchor="middle" font-family="sans-serif" font-size="#" fill="#cccccc"><tspan x="#" dy="#">retry</tspan></text>
<rect x="#" y="#" width="#" height="#" rx="#" ry="#" fill="#1f2020" stroke="#cccccc" stroke-width="#"/>
<text x="#" y="#" text-anchor="middle" font-family="sans-serif" font-size="#" fill="#cccccc"><tspan x="#" dy="#">done</tspan></text>
</g>
<g class="edge-labels">
</g>
</svg>

=== subgraph ===
<svg xmlns="http://www.w3.org/2000/svg" width="#" height="#" viewBox="# # # #">
<rect width="#" height="#" fill="none"/>
<g class="clusters">
<rect x="#" y="#" width="#" height="#" rx="#" ry="#" fill="#2b2b38" stroke="#8a8a8a" stroke-width="#"/>
</g>
<g class="edges">
<path d="M#,#L#,#C#,# #,# #,#C#,# #,# #,#L#,#" fill="none" stroke="#d3d3d3" stroke-width="#"/>
<polygon points="#,# #,# #,#" fill="#d3d3d3"/>
<path d="M#,#L#,#C#,# #,# #,#C#,# #,# #,#C#,# #,# #,#L#,#" fill="none" stroke="#d3d3d3" stroke-width="#"/>
<polygon points="#,# #,# #,#" fill="#d3d3d3"/>
<path d="M#,#L#,#C#,# #,# #,#C#,# #,# #,#C#,# #,# #,#C#,# #,# #,#C#,# #,# #,#L#,#" fill="none" stroke="#d3d3d3" stroke-width="#"/>
<polygon points="#,# #,# #,#" fill="#d3d3d3"/>
</g>
<g class="nodes">
<rect x="#" y="#" width="#" height="#" rx="#" ry="#" fill="#1f2020" stroke="#cccccc" stroke-width="#"/>
<text x="#" y="#" text-anchor="middle" font-family="sans-serif" font-size="#" fill="#cccccc"><tspan x="#" dy="#">A</tspan></text>
<rect x="#" y="#" width="#" height="#" rx="#" ry="#" fill="#1f2020" stroke="#cccccc" stroke-width="#"/>
<text x="#" y="#" text-anchor="middle" font-family="sans-serif" font-size="#" fill="#cccccc"><tspan x="#" dy="#">B</tspan></text>
<rect x="#" y="#" width="#" height="#" rx="#" ry="#" fill="#1f2020" stroke="#cccccc" stroke-width="#"/>
<text x="#" y="#" text-anchor="middle" font-family="sans-serif" font-size="#" fill="#cccccc"><tspan x="#" dy="#">C</tspan></text>
</g>
<g class="edge-labels">
</g>
<g class="cluster-labels">
<text x="#" y="#" text-anchor="middle" font-family="sans-serif" font-size="#" fill="#cccccc"><tspan x="#" dy="#">Group</tspan></text>
</g>
</svg>

=== subgraph-nested ===
<svg xmlns="http://www.w3.org/2000/svg" width="#" height="#" viewBox="# # # #">
<rect width="#" height="#" fill="none"/>
<g class="clusters">
<rect x="#" y="#" width="#" height="#" rx="#" ry="#" fill="#2b2b38" stroke="#8a8a8a" stroke-width="#"/>
<rect x="#" y="#" width="#" height="#" rx="#" ry="#" fill="#2b2b38" stroke="#8a8a8a" stroke-width="#"/>
</g>
<g class="edges">
<path d="M#,#L#,#C#,# #,# #,#C#,# #,# #,#L#,#" fill="none" stroke="#d3d3d3" stroke-width="#"/>
<polygon points="#,# #,# #,#" fill="#d3d3d3"/>
<path d="M#,#L#,#C#,# #,# #,#C#,# #,# #,#C#,# #,# #,#L#,#" fill="none" stroke="#d3d3d3" stroke-width="#"/>
<polygon points="#,# #,# #,#" fill="#d3d3d3"/>
<path d="M#,#L#,#C#,# #,# #,#C#,# #,# #,#C#,# #,# #,#L#,#" fill="none" stroke="#d3d3d3" stroke-width="#"/>
<polygon points="#,# #,# #,#" fill="#d3d3d3"/>
</g>
<g class="nodes">
<rect x="#" y="#" width="#" height="#" rx="#" ry="#" fill="#1f2020" stroke="#cccccc" stroke-width="#"/>
<text x="#" y="#" text-anchor="middle" font-family="sans-serif" font-size="#" fill="#cccccc"><tspan x="#" dy="#">A</tspan></text>
<rect x="#" y="#" width="#" height="#" rx="#" ry="#" fill="#1f2020" stroke="#cccccc" stroke-width="#"/>
<text x="#" y="#" text-anchor="middle" font-family="sans-serif" font-size="#" fill="#cccccc"><tspan x="#" dy="#">B</tspan></text>
<rect x="#" y="#" width="#" height="#" rx="#" ry="#" fill="#1f2020" stroke="#cccccc" stroke-width="#"/>
<text x="#" y="#" text-anchor="middle" font-family="sans-serif" font-size="#" fill="#cccccc"><tspan x="#" dy="#">C</tspan></text>
<rect x="#" y="#" width="#" height="#" rx="#" ry="#" fill="#1f2020" stroke="#cccccc" stroke-width="#"/>
<text x="#" y="#" text-anchor="middle" font-family="sans-serif" font-size="#" fill="#cccccc"><tspan x="#" dy="#">D</tspan></text>
</g>
<g class="edge-labels">
</g>
<g class="cluster-labels">
<text x="#" y="#" text-anchor="middle" font-family="sans-serif" font-size="#" fill="#cccccc"><tspan x="#" dy="#">Outer</tspan></text>
<text x="#" y="#" text-anchor="middle" font-family="sans-serif" font-size="#" fill="#cccccc"><tspan x="#" dy="#">Inner</tspan></text>
</g>
</svg>

=== subgraph-siblings ===
<svg xmlns="http://www.w3.org/2000/svg" width="#" height="#" viewBox="# # # #">
<rect width="#" height="#" fill="none"/>
<g class="clusters">
<rect x="#" y="#" width="#" height="#" rx="#" ry="#" fill="#2b2b38" stroke="#8a8a8a" stroke-width="#"/>
<rect x="#" y="#" width="#" height="#" rx="#" ry="#" fill="#2b2b38" stroke="#8a8a8a" stroke-width="#"/>
</g>
<g class="edges">
<path d="M#,#L#,#C#,# #,# #,#C#,# #,# #,#L#,#" fill="none" stroke="#d3d3d3" stroke-width="#"/>
<polygon points="#,# #,# #,#" fill="#d3d3d3"/>
<path d="M#,#L#,#C#,# #,# #,#C#,# #,# #,#L#,#" fill="none" stroke="#d3d3d3" stroke-width="#"/>
<polygon points="#,# #,# #,#" fill="#d3d3d3"/>
<path d="M#,#L#,#C#,# #,# #,#C#,# #,# #,#C#,# #,# #,#C#,# #,# #,#L#,#" fill="none" stroke="#d3d3d3" stroke-width="#"/>
<polygon points="#,# #,# #,#" fill="#d3d3d3"/>
</g>
<g class="nodes">
<rect x="#" y="#" width="#" height="#" rx="#" ry="#" fill="#1f2020" stroke="#cccccc" stroke-width="#"/>
<text x="#" y="#" text-anchor="middle" font-family="sans-serif" font-size="#" fill="#cccccc"><tspan x="#" dy="#">A</tspan></text>
<rect x="#" y="#" width="#" height="#" rx="#" ry="#" fill="#1f2020" stroke="#cccccc" stroke-width="#"/>
<text x="#" y="#" text-anchor="middle" font-family="sans-serif" font-size="#" fill="#cccccc"><tspan x="#" dy="#">B</tspan></text>
<rect x="#" y="#" width="#" height="#" rx="#" ry="#" fill="#1f2020" stroke="#cccccc" stroke-width="#"/>
<text x="#" y="#" text-anchor="middle" font-family="sans-serif" font-size="#" fill="#cccccc"><tspan x="#" dy="#">C</tspan></text>
<rect x="#" y="#" width="#" height="#" rx="#" ry="#" fill="#1f2020" stroke="#cccccc" stroke-width="#"/>
<text x="#" y="#" text-anchor="middle" font-family="sans-serif" font-size="#" fill="#cccccc"><tspan x="#" dy="#">D</tspan></text>
</g>
<g class="edge-labels">
</g>
<g class="cluster-labels">
<text x="#" y="#" text-anchor="middle" font-family="sans-serif" font-size="#" fill="#cccccc"><tspan x="#" dy="#">Read</tspan></text>
<text x="#" y="#" text-anchor="middle" font-family="sans-serif" font-size="#" fill="#cccccc"><tspan x="#" dy="#">Write</tspan></text>
</g>
</svg>

=== subgraph-bypass ===
<svg xmlns="http://www.w3.org/2000/svg" width="#" height="#" viewBox="# # # #">
<rect width="#" height="#" fill="none"/>
<g class="clusters">
<rect x="#" y="#" width="#" height="#" rx="#" ry="#" fill="#2b2b38" stroke="#8a8a8a" stroke-width="#"/>
</g>
<g class="edges">
<path d="M#,#L#,#C#,# #,# #,#C#,# #,# #,#L#,#" fill="none" stroke="#d3d3d3" stroke-width="#"/>
<polygon points="#,# #,# #,#" fill="#d3d3d3"/>
<path d="M#,#L#,#C#,# #,# #,#C#,# #,# #,#C#,# #,# #,#C#,# #,# #,#C#,# #,# #,#C#,# #,# #,#C#,# #,# #,#C#,# #,# #,#L#,#" fill="none" stroke="#d3d3d3" stroke-width="#"/>
<polygon points="#,# #,# #,#" fill="#d3d3d3"/>
<path d="M#,#L#,#C#,# #,# #,#C#,# #,# #,#C#,# #,# #,#L#,#" fill="none" stroke="#d3d3d3" stroke-width="#"/>
<polygon points="#,# #,# #,#" fill="#d3d3d3"/>
<path d="M#,#L#,#C#,# #,# #,#C#,# #,# #,#C#,# #,# #,#L#,#" fill="none" stroke="#d3d3d3" stroke-width="#"/>
<polygon points="#,# #,# #,#" fill="#d3d3d3"/>
</g>
<g class="nodes">
<rect x="#" y="#" width="#" height="#" rx="#" ry="#" fill="#1f2020" stroke="#cccccc" stroke-width="#"/>
<text x="#" y="#" text-anchor="middle" font-family="sans-serif" font-size="#" fill="#cccccc"><tspan x="#" dy="#">A</tspan></text>
<rect x="#" y="#" width="#" height="#" rx="#" ry="#" fill="#1f2020" stroke="#cccccc" stroke-width="#"/>
<text x="#" y="#" text-anchor="middle" font-family="sans-serif" font-size="#" fill="#cccccc"><tspan x="#" dy="#">B</tspan></text>
<rect x="#" y="#" width="#" height="#" rx="#" ry="#" fill="#1f2020" stroke="#cccccc" stroke-width="#"/>
<text x="#" y="#" text-anchor="middle" font-family="sans-serif" font-size="#" fill="#cccccc"><tspan x="#" dy="#">X</tspan></text>
<rect x="#" y="#" width="#" height="#" rx="#" ry="#" fill="#1f2020" stroke="#cccccc" stroke-width="#"/>
<text x="#" y="#" text-anchor="middle" font-family="sans-serif" font-size="#" fill="#cccccc"><tspan x="#" dy="#">Y</tspan></text>
</g>
<g class="edge-labels">
</g>
<g class="cluster-labels">
<text x="#" y="#" text-anchor="middle" font-family="sans-serif" font-size="#" fill="#cccccc"><tspan x="#" dy="#">Middle</tspan></text>
</g>
</svg>

=== subgraph-endpoint ===
<svg xmlns="http://www.w3.org/2000/svg" width="#" height="#" viewBox="# # # #">
<rect width="#" height="#" fill="none"/>
<g class="clusters">
<rect x="#" y="#" width="#" height="#" rx="#" ry="#" fill="#2b2b38" stroke="#8a8a8a" stroke-width="#"/>
<rect x="#" y="#" width="#" height="#" rx="#" ry="#" fill="#2b2b38" stroke="#8a8a8a" stroke-width="#"/>
</g>
<g class="edges">
<path d="M#,#L#,#C#,# #,# #,#C#,# #,# #,#C#,# #,# #,#L#,#" fill="none" stroke="#d3d3d3" stroke-width="#"/>
<polygon points="#,# #,# #,#" fill="#d3d3d3"/>
<path d="M#,#L#,#C#,# #,# #,#C#,# #,# #,#C#,# #,# #,#L#,#" fill="none" stroke="#d3d3d3" stroke-width="#"/>
<polygon points="#,# #,# #,#" fill="#d3d3d3"/>
<path d="M#,#L#,#" fill="none" stroke="#d3d3d3" stroke-width="#"/>
<polygon points="#,# #,# #,#" fill="#d3d3d3"/>
<path d="M#,#L#,#C#,# #,# #,#C#,# #,# #,#L#,#" fill="none" stroke="#d3d3d3" stroke-width="#"/>
<polygon points="#,# #,# #,#" fill="#d3d3d3"/>
</g>
<g class="nodes">
<rect x="#" y="#" width="#" height="#" rx="#" ry="#" fill="#1f2020" stroke="#cccccc" stroke-width="#"/>
<text x="#" y="#" text-anchor="middle" font-family="sans-serif" font-size="#" fill="#cccccc"><tspan x="#" dy="#">A</tspan></text>
<rect x="#" y="#" width="#" height="#" rx="#" ry="#" fill="#1f2020" stroke="#cccccc" stroke-width="#"/>
<text x="#" y="#" text-anchor="middle" font-family="sans-serif" font-size="#" fill="#cccccc"><tspan x="#" dy="#">B</tspan></text>
<rect x="#" y="#" width="#" height="#" rx="#" ry="#" fill="#1f2020" stroke="#cccccc" stroke-width="#"/>
<text x="#" y="#" text-anchor="middle" font-family="sans-serif" font-size="#" fill="#cccccc"><tspan x="#" dy="#">C</tspan></text>
<rect x="#" y="#" width="#" height="#" rx="#" ry="#" fill="#1f2020" stroke="#cccccc" stroke-width="#"/>
<text x="#" y="#" text-anchor="middle" font-family="sans-serif" font-size="#" fill="#cccccc"><tspan x="#" dy="#">D</tspan></text>
<rect x="#" y="#" width="#" height="#" rx="#" ry="#" fill="#1f2020" stroke="#cccccc" stroke-width="#"/>
<text x="#" y="#" text-anchor="middle" font-family="sans-serif" font-size="#" fill="#cccccc"><tspan x="#" dy="#">E</tspan></text>
</g>
<g class="edge-labels">
</g>
<g class="cluster-labels">
<text x="#" y="#" text-anchor="middle" font-family="sans-serif" font-size="#" fill="#cccccc"><tspan x="#" dy="#">First</tspan></text>
<text x="#" y="#" text-anchor="middle" font-family="sans-serif" font-size="#" fill="#cccccc"><tspan x="#" dy="#">Second</tspan></text>
</g>
</svg>

=== subgraph-direction ===
<svg xmlns="http://www.w3.org/2000/svg" width="#" height="#" viewBox="# # # #">
<rect width="#" height="#" fill="none"/>
<g class="clusters">
<rect x="#" y="#" width="#" height="#" rx="#" ry="#" fill="#2b2b38" stroke="#8a8a8a" stroke-width="#"/>
</g>
<g class="edges">
<path d="M#,#L#,#C#,# #,# #,#C#,# #,# #,#L#,#" fill="none" stroke="#d3d3d3" stroke-width="#"/>
<polygon points="#,# #,# #,#" fill="#d3d3d3"/>
<path d="M#,#L#,#C#,# #,# #,#C#,# #,# #,#L#,#" fill="none" stroke="#d3d3d3" stroke-width="#"/>
<polygon points="#,# #,# #,#" fill="#d3d3d3"/>
<path d="M#,#L#,#" fill="none" stroke="#d3d3d3" stroke-width="#"/>
<polygon points="#,# #,# #,#" fill="#d3d3d3"/>
</g>
<g class="nodes">
<rect x="#" y="#" width="#" height="#" rx="#" ry="#" fill="#1f2020" stroke="#cccccc" stroke-width="#"/>
<text x="#" y="#" text-anchor="middle" font-family="sans-serif" font-size="#" fill="#cccccc"><tspan x="#" dy="#">A</tspan></text>
<rect x="#" y="#" width="#" height="#" rx="#" ry="#" fill="#1f2020" stroke="#cccccc" stroke-width="#"/>
<text x="#" y="#" text-anchor="middle" font-family="sans-serif" font-size="#" fill="#cccccc"><tspan x="#" dy="#">B</tspan></text>
<rect x="#" y="#" width="#" height="#" rx="#" ry="#" fill="#1f2020" stroke="#cccccc" stroke-width="#"/>
<text x="#" y="#" text-anchor="middle" font-family="sans-serif" font-size="#" fill="#cccccc"><tspan x="#" dy="#">C</tspan></text>
<rect x="#" y="#" width="#" height="#" rx="#" ry="#" fill="#1f2020" stroke="#cccccc" stroke-width="#"/>
<text x="#" y="#" text-anchor="middle" font-family="sans-serif" font-size="#" fill="#cccccc"><tspan x="#" dy="#">D</tspan></text>
</g>
<g class="edge-labels">
</g>
<g class="cluster-labels">
<text x="#" y="#" text-anchor="middle" font-family="sans-serif" font-size="#" fill="#cccccc"><tspan x="#" dy="#">Steps</tspan></text>
</g>
</svg>

=== subgraph-cjk ===
<svg xmlns="http://www.w3.org/2000/svg" width="#" height="#" viewBox="# # # #">
<rect width="#" height="#" fill="none"/>
<g class="clusters">
<rect x="#" y="#" width="#" height="#" rx="#" ry="#" fill="#2b2b38" stroke="#8a8a8a" stroke-width="#"/>
</g>
<g class="edges">
<path d="M#,#L#,#C#,# #,# #,#C#,# #,# #,#L#,#" fill="none" stroke="#d3d3d3" stroke-width="#"/>
<polygon points="#,# #,# #,#" fill="#d3d3d3"/>
<path d="M#,#L#,#C#,# #,# #,#C#,# #,# #,#C#,# #,# #,#L#,#" fill="none" stroke="#d3d3d3" stroke-width="#"/>
<polygon points="#,# #,# #,#" fill="#d3d3d3"/>
</g>
<g class="nodes">
<rect x="#" y="#" width="#" height="#" rx="#" ry="#" fill="#1f2020" stroke="#cccccc" stroke-width="#"/>
<text x="#" y="#" text-anchor="middle" font-family="sans-serif" font-size="#" fill="#cccccc"><tspan x="#" dy="#">種別</tspan></text>
<rect x="#" y="#" width="#" height="#" rx="#" ry="#" fill="#1f2020" stroke="#cccccc" stroke-width="#"/>
<text x="#" y="#" text-anchor="middle" font-family="sans-serif" font-size="#" fill="#cccccc"><tspan x="#" dy="#">レンダラ</tspan></text>
<rect x="#" y="#" width="#" height="#" rx="#" ry="#" fill="#1f2020" stroke="#cccccc" stroke-width="#"/>
<text x="#" y="#" text-anchor="middle" font-family="sans-serif" font-size="#" fill="#cccccc"><tspan x="#" dy="#">全画面表示</tspan></text>
</g>
<g class="edge-labels">
</g>
<g class="cluster-labels">
<text x="#" y="#" text-anchor="middle" font-family="sans-serif" font-size="#" fill="#cccccc"><tspan x="#" dy="#">プレビュー解決</tspan></text>
</g>
</svg>

=== subgraph-long-title ===
<svg xmlns="http://www.w3.org/2000/svg" width="#" height="#" viewBox="# # # #">
<rect width="#" height="#" fill="none"/>
<g class="clusters">
<rect x="#" y="#" width="#" height="#" rx="#" ry="#" fill="#2b2b38" stroke="#8a8a8a" stroke-width="#"/>
<rect x="#" y="#" width="#" height="#" rx="#" ry="#" fill="#2b2b38" stroke="#8a8a8a" stroke-width="#"/>
</g>
<g class="edges">
<path d="M#,#L#,#C#,# #,# #,#C#,# #,# #,#L#,#" fill="none" stroke="#d3d3d3" stroke-width="#"/>
<polygon points="#,# #,# #,#" fill="#d3d3d3"/>
<path d="M#,#L#,#C#,# #,# #,#C#,# #,# #,#L#,#" fill="none" stroke="#d3d3d3" stroke-width="#"/>
<polygon points="#,# #,# #,#" fill="#d3d3d3"/>
<path d="M#,#L#,#C#,# #,# #,#C#,# #,# #,#C#,# #,# #,#C#,# #,# #,#L#,#" fill="none" stroke="#d3d3d3" stroke-width="#"/>
<polygon points="#,# #,# #,#" fill="#d3d3d3"/>
</g>
<g class="nodes">
<rect x="#" y="#" width="#" height="#" rx="#" ry="#" fill="#1f2020" stroke="#cccccc" stroke-width="#"/>
<text x="#" y="#" text-anchor="middle" font-family="sans-serif" font-size="#" fill="#cccccc"><tspan x="#" dy="#">A</tspan></text>
<rect x="#" y="#" width="#" height="#" rx="#" ry="#" fill="#1f2020" stroke="#cccccc" stroke-width="#"/>
<text x="#" y="#" text-anchor="middle" font-family="sans-serif" font-size="#" fill="#cccccc"><tspan x="#" dy="#">B</tspan></text>
<rect x="#" y="#" width="#" height="#" rx="#" ry="#" fill="#1f2020" stroke="#cccccc" stroke-width="#"/>
<text x="#" y="#" text-anchor="middle" font-family="sans-serif" font-size="#" fill="#cccccc"><tspan x="#" dy="#">C</tspan></text>
<rect x="#" y="#" width="#" height="#" rx="#" ry="#" fill="#1f2020" stroke="#cccccc" stroke-width="#"/>
<text x="#" y="#" text-anchor="middle" font-family="sans-serif" font-size="#" fill="#cccccc"><tspan x="#" dy="#">D</tspan></text>
</g>
<g class="edge-labels">
</g>
<g class="cluster-labels">
<text x="#" y="#" text-anchor="middle" font-family="sans-serif" font-size="#" fill="#cccccc"><tspan x="#" dy="#">resolve the preview kind and delegate it</tspan></text>
<text x="#" y="#" text-anchor="middle" font-family="sans-serif" font-size="#" fill="#cccccc"><tspan x="#" dy="#">b</tspan></text>
</g>
</svg>

=== subgraph-tall-title ===
<svg xmlns="http://www.w3.org/2000/svg" width="#" height="#" viewBox="# # # #">
<rect width="#" height="#" fill="none"/>
<g class="clusters">
<rect x="#" y="#" width="#" height="#" rx="#" ry="#" fill="#2b2b38" stroke="#8a8a8a" stroke-width="#"/>
</g>
<g class="edges">
<path d="M#,#L#,#C#,# #,# #,#C#,# #,# #,#L#,#" fill="none" stroke="#d3d3d3" stroke-width="#"/>
<polygon points="#,# #,# #,#" fill="#d3d3d3"/>
<path d="M#,#L#,#C#,# #,# #,#C#,# #,# #,#C#,# #,# #,#L#,#" fill="none" stroke="#d3d3d3" stroke-width="#"/>
<polygon points="#,# #,# #,#" fill="#d3d3d3"/>
</g>
<g class="nodes">
<rect x="#" y="#" width="#" height="#" rx="#" ry="#" fill="#1f2020" stroke="#cccccc" stroke-width="#"/>
<text x="#" y="#" text-anchor="middle" font-family="sans-serif" font-size="#" fill="#cccccc"><tspan x="#" dy="#">A</tspan></text>
<rect x="#" y="#" width="#" height="#" rx="#" ry="#" fill="#1f2020" stroke="#cccccc" stroke-width="#"/>
<text x="#" y="#" text-anchor="middle" font-family="sans-serif" font-size="#" fill="#cccccc"><tspan x="#" dy="#">B</tspan></text>
<rect x="#" y="#" width="#" height="#" rx="#" ry="#" fill="#1f2020" stroke="#cccccc" stroke-width="#"/>
<text x="#" y="#" text-anchor="middle" font-family="sans-serif" font-size="#" fill="#cccccc"><tspan x="#" dy="#">C</tspan></text>
</g>
<g class="edge-labels">
</g>
<g class="cluster-labels">
<text x="#" y="#" text-anchor="middle" font-family="sans-serif" font-size="#" fill="#cccccc"><tspan x="#" dy="#">Resolve the kind</tspan><tspan x="#" dy="#">and delegate</tspan></text>
</g>
</svg>

=== subgraph-untitled ===
<svg xmlns="http://www.w3.org/2000/svg" width="#" height="#" viewBox="# # # #">
<rect width="#" height="#" fill="none"/>
<g class="clusters">
<rect x="#" y="#" width="#" height="#" rx="#" ry="#" fill="#2b2b38" stroke="#8a8a8a" stroke-width="#"/>
</g>
<g class="edges">
<path d="M#,#L#,#C#,# #,# #,#C#,# #,# #,#L#,#" fill="none" stroke="#d3d3d3" stroke-width="#"/>
<polygon points="#,# #,# #,#" fill="#d3d3d3"/>
<path d="M#,#L#,#C#,# #,# #,#C#,# #,# #,#C#,# #,# #,#L#,#" fill="none" stroke="#d3d3d3" stroke-width="#"/>
<polygon points="#,# #,# #,#" fill="#d3d3d3"/>
</g>
<g class="nodes">
<rect x="#" y="#" width="#" height="#" rx="#" ry="#" fill="#1f2020" stroke="#cccccc" stroke-width="#"/>
<text x="#" y="#" text-anchor="middle" font-family="sans-serif" font-size="#" fill="#cccccc"><tspan x="#" dy="#">A</tspan></text>
<rect x="#" y="#" width="#" height="#" rx="#" ry="#" fill="#1f2020" stroke="#cccccc" stroke-width="#"/>
<text x="#" y="#" text-anchor="middle" font-family="sans-serif" font-size="#" fill="#cccccc"><tspan x="#" dy="#">B</tspan></text>
<rect x="#" y="#" width="#" height="#" rx="#" ry="#" fill="#1f2020" stroke="#cccccc" stroke-width="#"/>
<text x="#" y="#" text-anchor="middle" font-family="sans-serif" font-size="#" fill="#cccccc"><tspan x="#" dy="#">C</tspan></text>
</g>
<g class="edge-labels">
</g>
</svg>

=== amp-chain ===
<svg xmlns="http://www.w3.org/2000/svg" width="#" height="#" viewBox="# # # #">
<rect width="#" height="#" fill="none"/>
<g class="edges">
<path d="M#,#L#,#C#,# #,# #,#C#,# #,# #,#L#,#" fill="none" stroke="#d3d3d3" stroke-width="#"/>
<polygon points="#,# #,# #,#" fill="#d3d3d3"/>
<path d="M#,#L#,#C#,# #,# #,#C#,# #,# #,#L#,#" fill="none" stroke="#d3d3d3" stroke-width="#"/>
<polygon points="#,# #,# #,#" fill="#d3d3d3"/>
<path d="M#,#L#,#C#,# #,# #,#C#,# #,# #,#L#,#" fill="none" stroke="#d3d3d3" stroke-width="#"/>
<polygon points="#,# #,# #,#" fill="#d3d3d3"/>
<path d="M#,#L#,#C#,# #,# #,#C#,# #,# #,#L#,#" fill="none" stroke="#d3d3d3" stroke-width="#"/>
<polygon points="#,# #,# #,#" fill="#d3d3d3"/>
<path d="M#,#L#,#C#,# #,# #,#C#,# #,# #,#L#,#" fill="none" stroke="#d3d3d3" stroke-width="#"/>
<polygon points="#,# #,# #,#" fill="#d3d3d3"/>
</g>
<g class="nodes">
<rect x="#" y="#" width="#" height="#" rx="#" ry="#" fill="#1f2020" stroke="#cccccc" stroke-width="#"/>
<text x="#" y="#" text-anchor="middle" font-family="sans-serif" font-size="#" fill="#cccccc"><tspan x="#" dy="#">A</tspan></text>
<rect x="#" y="#" width="#" height="#" rx="#" ry="#" fill="#1f2020" stroke="#cccccc" stroke-width="#"/>
<text x="#" y="#" text-anchor="middle" font-family="sans-serif" font-size="#" fill="#cccccc"><tspan x="#" dy="#">B</tspan></text>
<rect x="#" y="#" width="#" height="#" rx="#" ry="#" fill="#1f2020" stroke="#cccccc" stroke-width="#"/>
<text x="#" y="#" text-anchor="middle" font-family="sans-serif" font-size="#" fill="#cccccc"><tspan x="#" dy="#">C</tspan></text>
<rect x="#" y="#" width="#" height="#" rx="#" ry="#" fill="#1f2020" stroke="#cccccc" stroke-width="#"/>
<text x="#" y="#" text-anchor="middle" font-family="sans-serif" font-size="#" fill="#cccccc"><tspan x="#" dy="#">D</tspan></text>
<rect x="#" y="#" width="#" height="#" rx="#" ry="#" fill="#1f2020" stroke="#cccccc" stroke-width="#"/>
<text x="#" y="#" text-anchor="middle" font-family="sans-serif" font-size="#" fill="#cccccc"><tspan x="#" dy="#">E</tspan></text>
</g>
<g class="edge-labels">
</g>
</svg>

=== length ===
<svg xmlns="http://www.w3.org/2000/svg" width="#" height="#" viewBox="# # # #">
<rect width="#" height="#" fill="none"/>
<g class="edges">
<path d="M#,#L#,#C#,# #,# #,#C#,# #,# #,#C#,# #,# #,#C#,# #,# #,#L#,#" fill="none" stroke="#d3d3d3" stroke-width="#"/>
<polygon points="#,# #,# #,#" fill="#d3d3d3"/>
<path d="M#,#L#,#C#,# #,# #,#C#,# #,# #,#C#,# #,# #,#C#,# #,# #,#L#,#" fill="none" stroke="#d3d3d3" stroke-width="#"/>
<polygon points="#,# #,# #,#" fill="#d3d3d3"/>
<path d="M#,#L#,#C#,# #,# #,#C#,# #,# #,#L#,#" fill="none" stroke="#d3d3d3" stroke-width="#"/>
<polygon points="#,# #,# #,#" fill="#d3d3d3"/>
<path d="M#,#L#,#C#,# #,# #,#C#,# #,# #,#L#,#" fill="none" stroke="#d3d3d3" stroke-width="#"/>
<polygon points="#,# #,# #,#" fill="#d3d3d3"/>
</g>
<g class="nodes">
<rect x="#" y="#" width="#" height="#" rx="#" ry="#" fill="#1f2020" stroke="#cccccc" stroke-width="#"/>
<text x="#" y="#" text-anchor="middle" font-family="sans-serif" font-size="#" fill="#cccccc"><tspan x="#" dy="#">A</tspan></text>
<rect x="#" y="#" width="#" height="#" rx="#" ry="#" fill="#1f2020" stroke="#cccccc" stroke-width="#"/>
<text x="#" y="#" text-anchor="middle" font-family="sans-serif" font-size="#" fill="#cccccc"><tspan x="#" dy="#">B</tspan></text>
<rect x="#" y="#" width="#" height="#" rx="#" ry="#" fill="#1f2020" stroke="#cccccc" stroke-width="#"/>
<text x="#" y="#" text-anchor="middle" font-family="sans-serif" font-size="#" fill="#cccccc"><tspan x="#" dy="#">C</tspan></text>
<rect x="#" y="#" width="#" height="#" rx="#" ry="#" fill="#1f2020" stroke="#cccccc" stroke-width="#"/>
<text x="#" y="#" text-anchor="middle" font-family="sans-serif" font-size="#" fill="#cccccc"><tspan x="#" dy="#">D</tspan></text>
</g>
<g class="edge-labels">
</g>
</svg>

=== link-style-multi-index ===
<svg xmlns="http://www.w3.org/2000/svg" width="#" height="#" viewBox="# # # #">
<rect width="#" height="#" fill="none"/>
<g class="edges">
<path d="M#,#L#,#C#,# #,# #,#C#,# #,# #,#L#,#" fill="none" stroke="#1f6feb" stroke-width="#"/>
<polygon points="#,# #,# #,#" fill="#d3d3d3"/>
<path d="M#,#L#,#C#,# #,# #,#C#,# #,# #,#L#,#" fill="none" stroke="#1f6feb" stroke-width="#"/>
<polygon points="#,# #,# #,#" fill="#d3d3d3"/>
<path d="M#,#L#,#C#,# #,# #,#C#,# #,# #,#L#,#" fill="none" stroke="#1f6feb" stroke-width="#"/>
<polygon points="#,# #,# #,#" fill="#d3d3d3"/>
<path d="M#,#L#,#C#,# #,# #,#C#,# #,# #,#L#,#" fill="none" stroke="#d4a017" stroke-width="#"/>
<polygon points="#,# #,# #,#" fill="#d3d3d3"/>
</g>
<g class="nodes">
<rect x="#" y="#" width="#" height="#" rx="#" ry="#" fill="#1f2020" stroke="#cccccc" stroke-width="#"/>
<text x="#" y="#" text-anchor="middle" font-family="sans-serif" font-size="#" fill="#cccccc"><tspan x="#" dy="#">A</tspan></text>
<rect x="#" y="#" width="#" height="#" rx="#" ry="#" fill="#1f2020" stroke="#cccccc" stroke-width="#"/>
<text x="#" y="#" text-anchor="middle" font-family="sans-serif" font-size="#" fill="#cccccc"><tspan x="#" dy="#">B</tspan></text>
<rect x="#" y="#" width="#" height="#" rx="#" ry="#" fill="#1f2020" stroke="#cccccc" stroke-width="#"/>
<text x="#" y="#" text-anchor="middle" font-family="sans-serif" font-size="#" fill="#cccccc"><tspan x="#" dy="#">C</tspan></text>
<rect x="#" y="#" width="#" height="#" rx="#" ry="#" fill="#1f2020" stroke="#cccccc" stroke-width="#"/>
<text x="#" y="#" text-anchor="middle" font-family="sans-serif" font-size="#" fill="#cccccc"><tspan x="#" dy="#">D</tspan></text>
<rect x="#" y="#" width="#" height="#" rx="#" ry="#" fill="#1f2020" stroke="#cccccc" stroke-width="#"/>
<text x="#" y="#" text-anchor="middle" font-family="sans-serif" font-size="#" fill="#cccccc"><tspan x="#" dy="#">E</tspan></text>
</g>
<g class="edge-labels">
</g>
</svg>

=== classdef-and-style-cascade ===
<svg xmlns="http://www.w3.org/2000/svg" width="#" height="#" viewBox="# # # #">
<rect width="#" height="#" fill="none"/>
<g class="edges">
<path d="M#,#L#,#C#,# #,# #,#C#,# #,# #,#L#,#" fill="none" stroke="#d3d3d3" stroke-width="#"/>
<polygon points="#,# #,# #,#" fill="#d3d3d3"/>
</g>
<g class="nodes">
<rect x="#" y="#" width="#" height="#" rx="#" ry="#" fill="#0f0" stroke="#a00" stroke-width="#"/>
<text x="#" y="#" text-anchor="middle" font-family="sans-serif" font-size="#" fill="#cccccc"><tspan x="#" dy="#">A</tspan></text>
<rect x="#" y="#" width="#" height="#" rx="#" ry="#" fill="#223" stroke="#556" stroke-width="#"/>
<text x="#" y="#" text-anchor="middle" font-family="sans-serif" font-size="#" fill="#cccccc"><tspan x="#" dy="#">B</tspan></text>
</g>
<g class="edge-labels">
</g>
</svg>

